

CS(config)#rou
CS(config)#router
CS(config)#router os
CS(config)#router ospf 10
CS(config-router)#rou
CS(config-router)#router-id 10.10.10.10
CS(config-router)#ex
CS(config)#int
CS(config)#interface r
CS(config)#interface range e1/0,e1/2
CS(config-if-range)#ip os
CS(config-if-range)#ip ospf 10 ar
CS(config-if-range)#ip ospf 10 area 0
CS(config-if-range)#ip os
CS(config-if-range)#ip ospf ne
CS(config-if-range)#ip ospf network po
CS(config-if-range)#ip ospf network point-to-p
CS(config-if-range)#ip ospf network point-to-point
CS(config-if-range)#ex
CS(config)#int e0/0
CS(config-if)#ip os
CS(config-if)#ip ospf 10 ar
CS(config-if)#ip ospf 10 area 1
CS(config-if)#ip os
CS(config-if)#ip ospf ne
CS(config-if)#ip ospf network po
CS(config-if)#ip ospf network point-to-p
CS(config-if)#ip ospf network point-to-point
CS(config-if)#ex
CS(config)#int e0/1
CS(config-if)#ip so
CS(config-if)#ip os
CS(config-if)#ip ospf 10 ar
CS(config-if)#ip ospf 10 area 2
CS(config-if)#ip os
CS(config-if)#ip ospf ne
CS(config-if)#ip ospf network po
CS(config-if)#ip ospf network point-to-po
CS(config-if)#ip ospf network point-to-point
CS(config-if)#ex
CS(config)#int e0/2
CS(config-if)#ip os
CS(config-if)#ip ospf ar
CS(config-if)#ip ospf arr
CS(config-if)#ip ospf 10
CS(config-if)#ip os
CS(config-if)#ip ospf 10 ar
CS(config-if)#ip ospf 10 area 3
CS(config-if)#ip os
CS(config-if)#ip ospf ne
CS(config-if)#ip ospf network po
% Ambiguous command:  "ip ospf network po "
CS(config-if)#ip ospf network po
CS(config-if)#ip ospf network point-to-po
CS(config-if)#ip ospf network point-to-point
CS(config-if)#ex
CS(config)#
CS(config)#
CS(config)#
CS(config)#int
CS(config)#interface e0/3
CS(config-if)#ip os
CS(config-if)#ip ospf 10 ar
CS(config-if)#ip ospf 10 area 4
CS(config-if)#ip os
CS(config-if)#ip ospf ne
CS(config-if)#ip ospf network po
CS(config-if)#ip ospf network point-to-p
CS(config-if)#ip ospf network point-to-point
